"A",1.50782337292,3.23658557341,0.657005968415,1.06487467392,1.12694507007,3.28459467686,1.61208324471,1.34104889224,1.89356002065,3.56927417954,3.44682126149,3.42120559643,1.0324169304,1.27150288044,0.956230978531
"B",2.36871219891,3.06856870385,1.57153092881,1.64113421613,2.30211479982,2.518448291,1.19809069894,1.06516262608,1.24774361518,3.05236080707,2.53369358098,1.69889878913,0.746662128787,1.51431254794,1.02223793386
"out",3.20201728252,2.50631794238,3.3480308899,2.65004538244,2.52161196715,2.61523985893,2.58974463183,1.77955916926,2.6896548909,1.87276063426,1.70000573461,1.85926548781,5.11103676396,3.55846459033,2.81507126724,4.31889066144,4.01036309564,3.35550691983,3.11791864635,3.20156558232,3.82816453974,2.5414429597,2.62337064656,3.03701939749,3.4803049618,3.39856571537,3.74456034022,2.56485644012,2.45328997362,2.68291866838,2.67409541166,2.55732360987,2.74993414721,3.19671959551,3.05436137002,3.13334736131
